// Jest Snapshot v1, https://goo.gl/fbAQLP

exports[`<Main /> should render the heading 1`] = `
<main
  class="sc-beySPh hJUAIv"
>
  <h1>
    Ol√° Mundo
  </h1>
</main>
`;
